[akshay-iyangar.github.io/system-design/index.html]
[akshay-iyangar.github.io/system-design/style.css]
[backblue.gif]
[fade.gif]
[index.html]
[akshay-iyangar.github.io/system-design/grokking-ood/core/object-oriented-basics.html]
[akshay-iyangar.github.io/system-design/grokking-ood/core/OO-analysis-and-design.html]
[akshay-iyangar.github.io/system-design/grokking-ood/core/what-is-uml.html]
[akshay-iyangar.github.io/system-design/grokking-ood/core/use-case-diagram.html]
[akshay-iyangar.github.io/system-design/grokking-ood/core/class-diagram.html]
[akshay-iyangar.github.io/system-design/grokking-ood/core/sequence-diagram.html]
[akshay-iyangar.github.io/system-design/grokking-ood/core/activity-diagrams.html]
[akshay-iyangar.github.io/system-design/grokking-ood/examples/java/hotel-management-system.html]
[akshay-iyangar.github.io/system-design/grokking-ood/examples/python/hotel-management-system.html]
[akshay-iyangar.github.io/system-design/grokking-ood/examples/java/airline-management-system.html]
[akshay-iyangar.github.io/system-design/grokking-ood/examples/python/airline-management-system.html]
[akshay-iyangar.github.io/system-design/grokking-ood/examples/java/amazon-online-shopping-system.html]
[akshay-iyangar.github.io/system-design/grokking-ood/examples/python/amazon-online-shopping-system.html]
[akshay-iyangar.github.io/system-design/grokking-ood/examples/java/atm.html]
[akshay-iyangar.github.io/system-design/grokking-ood/examples/python/atm.html]
[akshay-iyangar.github.io/system-design/grokking-ood/examples/java/blackjack-and-a-deck-of-cards.html]
[akshay-iyangar.github.io/system-design/grokking-ood/examples/python/blackjack-and-a-deck-of-cards.html]
[akshay-iyangar.github.io/system-design/grokking-ood/examples/java/car-rental-system.html]
[akshay-iyangar.github.io/system-design/grokking-ood/examples/python/car-rental-system.html]
[akshay-iyangar.github.io/system-design/grokking-ood/examples/java/chess.html]
[akshay-iyangar.github.io/system-design/grokking-ood/examples/python/chess.html]
[akshay-iyangar.github.io/system-design/grokking-ood/examples/java/cricinfo.html]
[akshay-iyangar.github.io/system-design/grokking-ood/examples/python/cricinfo.html]
[akshay-iyangar.github.io/system-design/grokking-ood/examples/java/facebook.html]
[akshay-iyangar.github.io/system-design/grokking-ood/examples/python/facebook.html]
[akshay-iyangar.github.io/system-design/grokking-ood/examples/java/library-management-system.html]
[akshay-iyangar.github.io/system-design/grokking-ood/examples/python/library-management-system.html]
[akshay-iyangar.github.io/system-design/grokking-ood/examples/java/linkedin.html]
[akshay-iyangar.github.io/system-design/grokking-ood/examples/python/linkedin.html]
[akshay-iyangar.github.io/system-design/grokking-ood/examples/java/movie-ticket-booking-system.html]
[akshay-iyangar.github.io/system-design/grokking-ood/examples/python/movie-ticket-booking-system.html]
[akshay-iyangar.github.io/system-design/grokking-ood/examples/java/online-stock-brokerage-system.html]
[akshay-iyangar.github.io/system-design/grokking-ood/examples/python/online-stock-brokerage-system.html]
[akshay-iyangar.github.io/system-design/grokking-ood/examples/java/parking-lot.html]
[akshay-iyangar.github.io/system-design/grokking-ood/examples/python/parking-lot.html]
[akshay-iyangar.github.io/system-design/grokking-ood/examples/java/restaurant-management-system.html]
[akshay-iyangar.github.io/system-design/grokking-ood/examples/python/restaurant-management-system.html]
[akshay-iyangar.github.io/system-design/grokking-ood/examples/java/stack-overflow.html]
[akshay-iyangar.github.io/system-design/grokking-ood/examples/python/stack-overflow.html]
[akshay-iyangar.github.io/system-design/grokking-system-design/system-design-basics/system-design-basics.html]
[akshay-iyangar.github.io/system-design/grokking-system-design/system-design-basics/key-charactersitics-of-distributed-systems.html]
[akshay-iyangar.github.io/system-design/grokking-system-design/system-design-basics/load-balancing.html]
[akshay-iyangar.github.io/system-design/grokking-system-design/system-design-basics/caching.html]
[akshay-iyangar.github.io/system-design/grokking-system-design/system-design-basics/data-partitioning.html]
[akshay-iyangar.github.io/system-design/grokking-system-design/system-design-basics/indexes.html]
[akshay-iyangar.github.io/system-design/grokking-system-design/system-design-basics/proxies.html]
[akshay-iyangar.github.io/system-design/grokking-system-design/system-design-basics/redundancy-and-replication.html]
[akshay-iyangar.github.io/system-design/grokking-system-design/system-design-basics/sql-vs-nosql.html]
[akshay-iyangar.github.io/system-design/grokking-system-design/system-design-basics/cap-theorem.html]
[akshay-iyangar.github.io/system-design/grokking-system-design/system-design-basics/consistent-hashing.html]
[akshay-iyangar.github.io/system-design/grokking-system-design/system-design-basics/long-polling.html]
[akshay-iyangar.github.io/system-design/grokking-system-design/system-design-problems/system-design-interviews.html]
[akshay-iyangar.github.io/system-design/grokking-system-design/system-design-problems/url-shortening-service-like-tiny-url.html]
[akshay-iyangar.github.io/system-design/grokking-system-design/system-design-problems/pastebin.html]
[akshay-iyangar.github.io/system-design/grokking-system-design/system-design-problems/instagram.html]
[akshay-iyangar.github.io/system-design/grokking-system-design/system-design-problems/dropbox.html]
[akshay-iyangar.github.io/system-design/grokking-system-design/system-design-problems/facebook-messenger.html]
[akshay-iyangar.github.io/system-design/grokking-system-design/system-design-problems/twitter.html]
[akshay-iyangar.github.io/system-design/grokking-system-design/system-design-problems/youtube-or-netflix.html]
[akshay-iyangar.github.io/system-design/grokking-system-design/system-design-problems/typehead-suggestion.html]
[akshay-iyangar.github.io/system-design/grokking-system-design/system-design-problems/api-rate-limiter.html]
[akshay-iyangar.github.io/system-design/grokking-system-design/system-design-problems/twitter-search.html]
[akshay-iyangar.github.io/system-design/grokking-system-design/system-design-problems/web-crwaler.html]
[akshay-iyangar.github.io/system-design/grokking-system-design/system-design-problems/facebook-newsfeed.html]
[akshay-iyangar.github.io/system-design/grokking-system-design/system-design-problems/yelp-ornearby-friends.html]
[akshay-iyangar.github.io/system-design/grokking-system-design/system-design-problems/uber-backend.html]
[akshay-iyangar.github.io/system-design/grokking-system-design/system-design-problems/ticket-master.html]
[akshay-iyangar.github.io/system-design/grokking-system-design/system-design-problems/additional-resources.html]
[akshay-iyangar.github.io/system-design/grokking-coding-interviews/1-introduction/1-Who-should-take-this-course.html]
[akshay-iyangar.github.io/system-design/grokking-coding-interviews/1-introduction/2-Course-Overview-Grokking-the-Coding-Interview-Patterns-for-Coding-Questions.html]
[akshay-iyangar.github.io/system-design/grokking-coding-interviews/2-patttern-sliding-window/2-Maximum-Sum-Subarray-of-Size-K-easy/1.1-Maximum-Sum-Subarray-of-Size-K-easy.html]
[akshay-iyangar.github.io/system-design/grokking-coding-interviews/2-patttern-sliding-window/1-Introduction/1.1-Introduction-Grokking-the-Coding-Interview-Patterns-for-Coding-Questions.47.de]
[akshay-iyangar.github.io/system-design/grokking-coding-interviews/2-patttern-sliding-window/3-Smallest-Subarray-with-a-given-sum-easy/1.1-Smallest-Subarray-with-a-given-sum-easy.html]
[akshay-iyangar.github.io/system-design/grokking-coding-interviews/2-patttern-sliding-window/5-Fruits-into-Baskets-medium/1.1-Fruits-into-Baskets-medium.html]
[akshay-iyangar.github.io/system-design/grokking-coding-interviews/2-patttern-sliding-window/4-Longest-Substring-with-K-Distinct-Characters-/1.1-Longest-Substring-with-K-Distinct-Characters-]
[akshay-iyangar.github.io/system-design/grokking-coding-interviews/2-patttern-sliding-window/6-No-repeat-Substring-hard/1.1-No-repeat-Substring-hard.html]
[akshay-iyangar.github.io/system-design/grokking-coding-interviews/2-patttern-sliding-window/9-Problem-Challenge-1/1.1-Problem-Challenge-1.html]
[akshay-iyangar.github.io/system-design/grokking-coding-interviews/2-patttern-sliding-window/7-Longest-Substring-with-Same-Letters-after-Rep/1.1-Longest-Substring-with-Letters-after-Replacem]
[akshay-iyangar.github.io/system-design/grokking-coding-interviews/2-patttern-sliding-window/8-Longest-Subarray-with-Ones-after-Replacement-/1.1-Longest-Subarray-with-Ones-after-Replacement-]
[akshay-iyangar.github.io/system-design/grokking-coding-interviews/2-patttern-sliding-window/10-Solution-Review-Problem-Challenge-1/1.1-Solution-Review-Problem-Challenge-1.html]
[akshay-iyangar.github.io/system-design/grokking-coding-interviews/2-patttern-sliding-window/12-Solution-Review-Problem-Challenge-2/1.1 Solution Review_ Problem Challenge 2 -.html]
[akshay-iyangar.github.io/system-design/grokking-coding-interviews/2-patttern-sliding-window/11-Problem-Challenge-2/1.1 Problem Challenge 2 - Grokking the Coding Interview_ Patterns for Codi]
[akshay-iyangar.github.io/system-design/grokking-coding-interviews/2-patttern-sliding-window/14-Solution-Review-Problem-Challenge-3/1.1 Solution Review_ Problem Challenge 3 -.html]
[akshay-iyangar.github.io/system-design/grokking-coding-interviews/2-patttern-sliding-window/13-Problem-Challenge-3/1.1 Problem Challenge 3 - Grokking the Coding Interview_ Patterns for Codi]
[akshay-iyangar.github.io/system-design/grokking-coding-interviews/2-patttern-sliding-window/16-Solution-Review-Problem-Challenge-4/1.1 Solution Review_ Problem Challenge 4 -.html]
[akshay-iyangar.github.io/system-design/grokking-coding-interviews/2-patttern-sliding-window/15-Problem-Challenge-4/1.1 Problem Challenge 4 - Grokking the Coding Interview_ Patterns for Codi]
[akshay-iyangar.github.io/system-design/grokking-coding-interviews/3-pattern-two-pointer/1-Introduction/Introduction-Grokking-the-Coding-Interview_-Patterns-for-Coding-Questions.html]
[akshay-iyangar.github.io/system-design/grokking-coding-interviews/3-pattern-two-pointer/6-Triplet-Sum-Close-to-Target-medium/1.4-Triplet-Sum-Close-to-Target-medium.html]
[akshay-iyangar.github.io/system-design/grokking-coding-interviews/3-pattern-two-pointer/2-Pair-with-Target-Sum-easy/1.1-Pair-with-Target-Sum-easy-Grokking-the-Coding-Interview_-Patterns-for]
[akshay-iyangar.github.io/system-design/grokking-coding-interviews/3-pattern-two-pointer/7-Triplets-with-Smaller-Sum-medium/1.1-Triplets-with-Smaller-Sum-medium.html]
[akshay-iyangar.github.io/system-design/grokking-coding-interviews/3-pattern-two-pointer/3-Remove-Duplicates-easy/1.1-Remove-Duplicates-easy-Grokking-the-Coding-Interview_-Patterns-for-Codin]
[akshay-iyangar.github.io/system-design/grokking-coding-interviews/3-pattern-two-pointer/9-Dutch-National-Flag-Problem-medium/1.1-Dutch-National-Flag-Problem-medium.html]
[akshay-iyangar.github.io/system-design/grokking-coding-interviews/3-pattern-two-pointer/4-Squaring-a-Sorted-Array-easy/1.1-Squaring-a-Sorted-Array-(easy)-Grokking-the-Coding-Interview_-Patt]
[akshay-iyangar.github.io/system-design/grokking-coding-interviews/3-pattern-two-pointer/5-Triplet-Sum-to-Zero-medium/1.1-Triplet-Sum-to-Zero-medium-Grokking-the-Coding-Interview_-Patterns-f]
[akshay-iyangar.github.io/system-design/grokking-coding-interviews/3-pattern-two-pointer/11-Solution-Review-Problem-Challenge-1/1.1-Solution-Review_-Problem-Challenge-1.html]
[akshay-iyangar.github.io/system-design/grokking-coding-interviews/3-pattern-two-pointer/10-Problem-Challenge-1/1.1-Problem-Challenge-1-Grokking-the-Coding-Interview_-Patterns-for-Coding-Que]
[akshay-iyangar.github.io/system-design/grokking-coding-interviews/3-pattern-two-pointer/13-Solution-Review-Problem-Challenge-2/1.1-Solution-Review_-Problem-Challenge-2.html]
[akshay-iyangar.github.io/system-design/grokking-coding-interviews/3-pattern-two-pointer/12-Problem-Challenge-2/1.1-Problem-Challenge-2-Grokking-the-Coding-Interview_-Patterns-for-Coding-Que]
[akshay-iyangar.github.io/system-design/grokking-coding-interviews/3-pattern-two-pointer/15-Solution-Review-Problem-Challenge-3/1.1-Solution-Review_-Problem-Challenge-3.html]
[akshay-iyangar.github.io/system-design/grokking-coding-interviews/3-pattern-two-pointer/14-Problem-Challenge-3/1.1-Problem-Challenge-3-Grokking-the-Coding-Interview_-Patterns-for-Coding-Que]
[akshay-iyangar.github.io/system-design/grokking-coding-interviews/4-pattern-fast-slow-pointers/2-LinkedList-Cycle-easy/1.1-LinkedList-Cycle-easy.html]
[akshay-iyangar.github.io/system-design/grokking-coding-interviews/4-pattern-fast-slow-pointers/1-Introduction/Introduction-Grokking-the-Coding-Interview_-Patterns-for-Coding-Questions.65.de]
[akshay-iyangar.github.io/system-design/grokking-coding-interviews/4-pattern-fast-slow-pointers/3-Start-of-LinkedList-Cycle-medium/1.1-Start-of-LinkedList-Cycle-medium-Grokking-the-Coding-In]
[akshay-iyangar.github.io/system-design/grokking-coding-interviews/4-pattern-fast-slow-pointers/7-Solution-Review-Problem-Challenge-1/1.1-Solution-Review_-Problem-Challenge-1.html]
[akshay-iyangar.github.io/system-design/grokking-coding-interviews/4-pattern-fast-slow-pointers/5-Middle-of-the-LinkedList-easy/1.1-Middle-of-the-LinkedList-easy-Grokking-the-Coding-Intervie]
[akshay-iyangar.github.io/system-design/grokking-coding-interviews/4-pattern-fast-slow-pointers/4-Happy-Number-medium/1.1-Happy-Number-medium-Grokking-the-Coding-Interview_-Patterns-for-Codi]
[akshay-iyangar.github.io/system-design/grokking-coding-interviews/4-pattern-fast-slow-pointers/6-Problem-Challenge-1/1.1-Problem-Challenge-1-Grokking-the-Coding-Interview_-Patterns-for-Codi]
[akshay-iyangar.github.io/system-design/grokking-coding-interviews/4-pattern-fast-slow-pointers/9-Solution-Review-Problem-Challenge-2/1.1-Solution-Review_-Problem-Challenge-2.html]
[akshay-iyangar.github.io/system-design/grokking-coding-interviews/4-pattern-fast-slow-pointers/8-Problem-Challenge-2/1.1-Problem-Challenge-2-Grokking-the-Coding-Interview_-Patterns-for-Codi]
[akshay-iyangar.github.io/system-design/grokking-coding-interviews/4-pattern-fast-slow-pointers/11-Solution-Review-Problem-Challenge-3/1.1Solution-Review_-Problem-Challenge-3.html]
[akshay-iyangar.github.io/system-design/grokking-coding-interviews/4-pattern-fast-slow-pointers/10-Problem-Challenge-3/1.1-Problem-Challenge-3-Grokking-the-Coding-Interview_-Patterns-for-Cod]
[akshay-iyangar.github.io/system-design/grokking-coding-interviews/5. Pattern Merge Intervals/5. Conflicting Appointments (medium)/1.1Conflicting Appointments (medium) -.html]
[akshay-iyangar.github.io/system-design/grokking-coding-interviews/5. Pattern Merge Intervals/1. Introduction/Introduction - Grokking the Coding Interview_ Patterns for Coding Questions.70.d]
[akshay-iyangar.github.io/system-design/grokking-coding-interviews/5. Pattern Merge Intervals/7. Solution Review Problem Challenge 1/1.1Solution Review_ Problem Challenge 1 -.html]
[akshay-iyangar.github.io/system-design/grokking-coding-interviews/5. Pattern Merge Intervals/2. Merge Intervals (medium)/1.1Merge Intervals (medium) - Grokking the Coding Interview_ Pattern]
[akshay-iyangar.github.io/system-design/grokking-coding-interviews/5. Pattern Merge Intervals/9. Solution Review Problem Challenge 2/1.1Solution Review_ Problem Challenge 2 -.html]
[akshay-iyangar.github.io/system-design/grokking-coding-interviews/5. Pattern Merge Intervals/4. Intervals Intersection (medium)/1.1Intervals Intersection (medium) - Grokking the Coding Inte]
[akshay-iyangar.github.io/system-design/grokking-coding-interviews/5. Pattern Merge Intervals/6. Problem Challenge 1/1.1Problem Challenge 1 - Grokking the Coding Interview_ Patterns for Codi]
[akshay-iyangar.github.io/system-design/grokking-coding-interviews/5. Pattern Merge Intervals/11. Solution Review Problem Challenge 3/1.1.1Solution Review_ Problem Challenge 3 -.html]
[akshay-iyangar.github.io/system-design/grokking-coding-interviews/5. Pattern Merge Intervals/8. Problem Challenge 2/1.1Problem Challenge 2 - Grokking the Coding Interview_ Patterns for Codi]
[akshay-iyangar.github.io/system-design/script.js]
[akshay-iyangar.github.io/system-design/grokking-coding-interviews/5. Pattern Merge Intervals/10. Problem Challenge 3/1.1Problem Challenge 3 - Grokking the Coding Interview_ Patterns for Cod]
[akshay-iyangar.github.io/system-design/index.html]
[akshay-iyangar.github.io/system-design/style.css]
[www.educative.io/static/js/runtime-main.ee430b4b.js]
[www.educative.io/static/css/92.3705e7dd.chunk.css]
[www.educative.io/static/js/92.51da35cb.chunk.js]
[akshay-iyangar.github.io/system-design/grokking-ood/core/object-oriented-basics.html]
[akshay-iyangar.github.io/system-design/grokking-ood/core/OO-analysis-and-design.html]
[akshay-iyangar.github.io/system-design/grokking-ood/core/what-is-uml.html]
[akshay-iyangar.github.io/system-design/grokking-ood/core/use-case-diagram.html]
[akshay-iyangar.github.io/system-design/grokking-ood/core/class-diagram.html]
[akshay-iyangar.github.io/system-design/grokking-ood/core/sequence-diagram.html]
[akshay-iyangar.github.io/system-design/grokking-ood/core/activity-diagrams.html]
[akshay-iyangar.github.io/system-design/grokking-ood/examples/java/hotel-management-system.html]
[akshay-iyangar.github.io/system-design/grokking-ood/examples/python/hotel-management-system.html]
[akshay-iyangar.github.io/system-design/grokking-ood/examples/java/airline-management-system.html]
[akshay-iyangar.github.io/system-design/grokking-ood/examples/python/airline-management-system.html]
[akshay-iyangar.github.io/system-design/grokking-ood/examples/java/amazon-online-shopping-system.html]
[akshay-iyangar.github.io/system-design/grokking-ood/examples/python/amazon-online-shopping-system.html]
[akshay-iyangar.github.io/system-design/grokking-ood/examples/java/atm.html]
[akshay-iyangar.github.io/system-design/grokking-ood/examples/python/atm.html]
[akshay-iyangar.github.io/system-design/grokking-ood/examples/java/blackjack-and-a-deck-of-cards.html]
[akshay-iyangar.github.io/system-design/grokking-ood/examples/python/blackjack-and-a-deck-of-cards.html]
[akshay-iyangar.github.io/system-design/grokking-ood/examples/java/car-rental-system.html]
[akshay-iyangar.github.io/system-design/grokking-ood/examples/python/car-rental-system.html]
[akshay-iyangar.github.io/system-design/grokking-ood/examples/java/chess.html]
[akshay-iyangar.github.io/system-design/grokking-ood/examples/python/chess.html]
[akshay-iyangar.github.io/system-design/grokking-ood/examples/java/cricinfo.html]
[akshay-iyangar.github.io/system-design/grokking-ood/examples/python/cricinfo.html]
[akshay-iyangar.github.io/system-design/grokking-ood/examples/java/facebook.html]
[akshay-iyangar.github.io/system-design/grokking-ood/examples/python/facebook.html]
[akshay-iyangar.github.io/system-design/grokking-ood/examples/java/library-management-system.html]
[akshay-iyangar.github.io/system-design/grokking-ood/examples/python/library-management-system.html]
[akshay-iyangar.github.io/system-design/grokking-ood/examples/java/linkedin.html]
[akshay-iyangar.github.io/system-design/grokking-ood/examples/python/linkedin.html]
[akshay-iyangar.github.io/system-design/grokking-ood/examples/java/movie-ticket-booking-system.html]
[akshay-iyangar.github.io/system-design/grokking-ood/examples/python/movie-ticket-booking-system.html]
[akshay-iyangar.github.io/system-design/grokking-ood/examples/java/online-stock-brokerage-system.html]
[www.educative.io/static/js/main.a00b6325.chunk.js]
[akshay-iyangar.github.io/system-design/grokking-ood/examples/python/online-stock-brokerage-system.html]
[akshay-iyangar.github.io/system-design/grokking-ood/examples/java/parking-lot.html]
[akshay-iyangar.github.io/system-design/grokking-ood/examples/python/parking-lot.html]
[akshay-iyangar.github.io/system-design/grokking-ood/examples/java/restaurant-management-system.html]
[akshay-iyangar.github.io/system-design/grokking-ood/examples/python/restaurant-management-system.html]
[akshay-iyangar.github.io/system-design/grokking-ood/examples/java/stack-overflow.html]
[akshay-iyangar.github.io/system-design/grokking-ood/examples/python/stack-overflow.html]
[akshay-iyangar.github.io/system-design/grokking-system-design/system-design-basics/system-design-basics.html]
[akshay-iyangar.github.io/system-design/grokking-system-design/system-design-basics/key-charactersitics-of-distributed-systems.html]
[akshay-iyangar.github.io/system-design/grokking-system-design/system-design-basics/load-balancing.html]
[akshay-iyangar.github.io/system-design/grokking-system-design/system-design-basics/caching.html]
[akshay-iyangar.github.io/system-design/grokking-system-design/system-design-basics/data-partitioning.html]
[akshay-iyangar.github.io/system-design/grokking-system-design/system-design-basics/indexes.html]
[akshay-iyangar.github.io/system-design/grokking-system-design/system-design-basics/proxies.html]
[akshay-iyangar.github.io/system-design/grokking-system-design/system-design-basics/redundancy-and-replication.html]
[akshay-iyangar.github.io/system-design/grokking-system-design/system-design-basics/sql-vs-nosql.html]
[akshay-iyangar.github.io/system-design/grokking-system-design/system-design-basics/cap-theorem.html]
[akshay-iyangar.github.io/system-design/grokking-system-design/system-design-basics/consistent-hashing.html]
[akshay-iyangar.github.io/system-design/grokking-system-design/system-design-basics/long-polling.html]
[akshay-iyangar.github.io/system-design/grokking-system-design/system-design-problems/system-design-interviews.html]
[akshay-iyangar.github.io/system-design/grokking-system-design/system-design-problems/url-shortening-service-like-tiny-url.html]
[akshay-iyangar.github.io/system-design/grokking-system-design/system-design-problems/pastebin.html]
[akshay-iyangar.github.io/system-design/grokking-system-design/system-design-problems/instagram.html]
[akshay-iyangar.github.io/system-design/grokking-system-design/system-design-problems/dropbox.html]
[akshay-iyangar.github.io/system-design/grokking-system-design/system-design-problems/facebook-messenger.html]
[akshay-iyangar.github.io/system-design/grokking-system-design/system-design-problems/twitter.html]
[akshay-iyangar.github.io/system-design/grokking-system-design/system-design-problems/youtube-or-netflix.html]
[akshay-iyangar.github.io/system-design/grokking-system-design/system-design-problems/typehead-suggestion.html]
[akshay-iyangar.github.io/system-design/grokking-system-design/system-design-problems/api-rate-limiter.html]
[akshay-iyangar.github.io/system-design/grokking-system-design/system-design-problems/twitter-search.html]
[akshay-iyangar.github.io/system-design/grokking-system-design/system-design-problems/web-crwaler.html]
[akshay-iyangar.github.io/system-design/grokking-system-design/system-design-problems/facebook-newsfeed.html]
[akshay-iyangar.github.io/system-design/grokking-system-design/system-design-problems/yelp-ornearby-friends.html]
[akshay-iyangar.github.io/system-design/grokking-system-design/system-design-problems/uber-backend.html]
[akshay-iyangar.github.io/system-design/grokking-system-design/system-design-problems/ticket-master.html]
[akshay-iyangar.github.io/system-design/grokking-system-design/system-design-problems/additional-resources.html]
[akshay-iyangar.github.io/system-design/grokking-coding-interviews/1-introduction/1-Who-should-take-this-course.html]
[akshay-iyangar.github.io/system-design/grokking-coding-interviews/1-introduction/2-Course-Overview-Grokking-the-Coding-Interview-Patterns-for-Coding-Questions.html]
[akshay-iyangar.github.io/system-design/grokking-coding-interviews/2-patttern-sliding-window/1-Introduction/1.1-Introduction-Grokking-the-Coding-Interview-Patterns-for-Coding-Questions.47.de]
[akshay-iyangar.github.io/system-design/grokking-coding-interviews/2-patttern-sliding-window/2-Maximum-Sum-Subarray-of-Size-K-easy/1.1-Maximum-Sum-Subarray-of-Size-K-easy.html]
[akshay-iyangar.github.io/system-design/grokking-coding-interviews/2-patttern-sliding-window/3-Smallest-Subarray-with-a-given-sum-easy/1.1-Smallest-Subarray-with-a-given-sum-easy.html]
[akshay-iyangar.github.io/system-design/grokking-coding-interviews/2-patttern-sliding-window/4-Longest-Substring-with-K-Distinct-Characters-/1.1-Longest-Substring-with-K-Distinct-Characters-]
[akshay-iyangar.github.io/system-design/grokking-coding-interviews/2-patttern-sliding-window/5-Fruits-into-Baskets-medium/1.1-Fruits-into-Baskets-medium.html]
[akshay-iyangar.github.io/system-design/grokking-coding-interviews/2-patttern-sliding-window/6-No-repeat-Substring-hard/1.1-No-repeat-Substring-hard.html]
[akshay-iyangar.github.io/system-design/grokking-coding-interviews/2-patttern-sliding-window/7-Longest-Substring-with-Same-Letters-after-Rep/1.1-Longest-Substring-with-Letters-after-Replacem]
[akshay-iyangar.github.io/system-design/grokking-coding-interviews/2-patttern-sliding-window/8-Longest-Subarray-with-Ones-after-Replacement-/1.1-Longest-Subarray-with-Ones-after-Replacement-]
[akshay-iyangar.github.io/system-design/grokking-coding-interviews/2-patttern-sliding-window/9-Problem-Challenge-1/1.1-Problem-Challenge-1.html]
[akshay-iyangar.github.io/system-design/grokking-coding-interviews/2-patttern-sliding-window/10-Solution-Review-Problem-Challenge-1/1.1-Solution-Review-Problem-Challenge-1.html]
[akshay-iyangar.github.io/system-design/grokking-coding-interviews/2-patttern-sliding-window/11-Problem-Challenge-2/1.1 Problem Challenge 2 - Grokking the Coding Interview_ Patterns for Codi]
[akshay-iyangar.github.io/system-design/grokking-coding-interviews/2-patttern-sliding-window/12-Solution-Review-Problem-Challenge-2/1.1 Solution Review_ Problem Challenge 2 -.html]
[akshay-iyangar.github.io/system-design/grokking-coding-interviews/2-patttern-sliding-window/13-Problem-Challenge-3/1.1 Problem Challenge 3 - Grokking the Coding Interview_ Patterns for Codi]
[akshay-iyangar.github.io/system-design/grokking-coding-interviews/2-patttern-sliding-window/14-Solution-Review-Problem-Challenge-3/1.1 Solution Review_ Problem Challenge 3 -.html]
[akshay-iyangar.github.io/system-design/grokking-coding-interviews/2-patttern-sliding-window/15-Problem-Challenge-4/1.1 Problem Challenge 4 - Grokking the Coding Interview_ Patterns for Codi]
[akshay-iyangar.github.io/system-design/grokking-coding-interviews/2-patttern-sliding-window/16-Solution-Review-Problem-Challenge-4/1.1 Solution Review_ Problem Challenge 4 -.html]
[akshay-iyangar.github.io/system-design/grokking-coding-interviews/3-pattern-two-pointer/1-Introduction/Introduction-Grokking-the-Coding-Interview_-Patterns-for-Coding-Questions.html]
[akshay-iyangar.github.io/system-design/grokking-coding-interviews/3-pattern-two-pointer/2-Pair-with-Target-Sum-easy/1.1-Pair-with-Target-Sum-easy-Grokking-the-Coding-Interview_-Patterns-for]
[akshay-iyangar.github.io/system-design/grokking-coding-interviews/3-pattern-two-pointer/3-Remove-Duplicates-easy/1.1-Remove-Duplicates-easy-Grokking-the-Coding-Interview_-Patterns-for-Codin]
[akshay-iyangar.github.io/system-design/grokking-coding-interviews/3-pattern-two-pointer/4-Squaring-a-Sorted-Array-easy/1.1-Squaring-a-Sorted-Array-(easy)-Grokking-the-Coding-Interview_-Patt]
[akshay-iyangar.github.io/system-design/grokking-coding-interviews/3-pattern-two-pointer/5-Triplet-Sum-to-Zero-medium/1.1-Triplet-Sum-to-Zero-medium-Grokking-the-Coding-Interview_-Patterns-f]
[akshay-iyangar.github.io/system-design/grokking-coding-interviews/3-pattern-two-pointer/6-Triplet-Sum-Close-to-Target-medium/1.4-Triplet-Sum-Close-to-Target-medium.html]
[akshay-iyangar.github.io/system-design/grokking-coding-interviews/3-pattern-two-pointer/7-Triplets-with-Smaller-Sum-medium/1.1-Triplets-with-Smaller-Sum-medium.html]
[akshay-iyangar.github.io/system-design/grokking-coding-interviews/3-pattern-two-pointer/9-Dutch-National-Flag-Problem-medium/1.1-Dutch-National-Flag-Problem-medium.html]
[akshay-iyangar.github.io/system-design/grokking-coding-interviews/3-pattern-two-pointer/10-Problem-Challenge-1/1.1-Problem-Challenge-1-Grokking-the-Coding-Interview_-Patterns-for-Coding-Que]
[akshay-iyangar.github.io/system-design/grokking-coding-interviews/3-pattern-two-pointer/11-Solution-Review-Problem-Challenge-1/1.1-Solution-Review_-Problem-Challenge-1.html]
[akshay-iyangar.github.io/system-design/grokking-coding-interviews/3-pattern-two-pointer/12-Problem-Challenge-2/1.1-Problem-Challenge-2-Grokking-the-Coding-Interview_-Patterns-for-Coding-Que]
[akshay-iyangar.github.io/system-design/grokking-coding-interviews/3-pattern-two-pointer/13-Solution-Review-Problem-Challenge-2/1.1-Solution-Review_-Problem-Challenge-2.html]
[akshay-iyangar.github.io/system-design/grokking-coding-interviews/3-pattern-two-pointer/14-Problem-Challenge-3/1.1-Problem-Challenge-3-Grokking-the-Coding-Interview_-Patterns-for-Coding-Que]
[akshay-iyangar.github.io/system-design/grokking-coding-interviews/3-pattern-two-pointer/15-Solution-Review-Problem-Challenge-3/1.1-Solution-Review_-Problem-Challenge-3.html]
[akshay-iyangar.github.io/system-design/grokking-coding-interviews/4-pattern-fast-slow-pointers/1-Introduction/Introduction-Grokking-the-Coding-Interview_-Patterns-for-Coding-Questions.65.de]
[akshay-iyangar.github.io/system-design/grokking-coding-interviews/4-pattern-fast-slow-pointers/2-LinkedList-Cycle-easy/1.1-LinkedList-Cycle-easy.html]
[akshay-iyangar.github.io/system-design/grokking-coding-interviews/4-pattern-fast-slow-pointers/3-Start-of-LinkedList-Cycle-medium/1.1-Start-of-LinkedList-Cycle-medium-Grokking-the-Coding-In]
[akshay-iyangar.github.io/system-design/grokking-coding-interviews/4-pattern-fast-slow-pointers/4-Happy-Number-medium/1.1-Happy-Number-medium-Grokking-the-Coding-Interview_-Patterns-for-Codi]
[akshay-iyangar.github.io/system-design/grokking-coding-interviews/4-pattern-fast-slow-pointers/5-Middle-of-the-LinkedList-easy/1.1-Middle-of-the-LinkedList-easy-Grokking-the-Coding-Intervie]
[akshay-iyangar.github.io/system-design/grokking-coding-interviews/4-pattern-fast-slow-pointers/6-Problem-Challenge-1/1.1-Problem-Challenge-1-Grokking-the-Coding-Interview_-Patterns-for-Codi]
[akshay-iyangar.github.io/system-design/grokking-coding-interviews/4-pattern-fast-slow-pointers/7-Solution-Review-Problem-Challenge-1/1.1-Solution-Review_-Problem-Challenge-1.html]
[akshay-iyangar.github.io/system-design/grokking-coding-interviews/4-pattern-fast-slow-pointers/8-Problem-Challenge-2/1.1-Problem-Challenge-2-Grokking-the-Coding-Interview_-Patterns-for-Codi]
[akshay-iyangar.github.io/system-design/grokking-coding-interviews/4-pattern-fast-slow-pointers/9-Solution-Review-Problem-Challenge-2/1.1-Solution-Review_-Problem-Challenge-2.html]
[akshay-iyangar.github.io/system-design/grokking-coding-interviews/4-pattern-fast-slow-pointers/10-Problem-Challenge-3/1.1-Problem-Challenge-3-Grokking-the-Coding-Interview_-Patterns-for-Cod]
[akshay-iyangar.github.io/system-design/grokking-coding-interviews/4-pattern-fast-slow-pointers/11-Solution-Review-Problem-Challenge-3/1.1Solution-Review_-Problem-Challenge-3.html]
[akshay-iyangar.github.io/system-design/grokking-coding-interviews/5. Pattern Merge Intervals/1. Introduction/Introduction - Grokking the Coding Interview_ Patterns for Coding Questions.70.d]
[akshay-iyangar.github.io/system-design/grokking-coding-interviews/5. Pattern Merge Intervals/2. Merge Intervals (medium)/1.1Merge Intervals (medium) - Grokking the Coding Interview_ Pattern]
[akshay-iyangar.github.io/system-design/grokking-coding-interviews/5. Pattern Merge Intervals/4. Intervals Intersection (medium)/1.1Intervals Intersection (medium) - Grokking the Coding Inte]
[akshay-iyangar.github.io/system-design/grokking-coding-interviews/5. Pattern Merge Intervals/5. Conflicting Appointments (medium)/1.1Conflicting Appointments (medium) -.html]
[akshay-iyangar.github.io/system-design/grokking-coding-interviews/5. Pattern Merge Intervals/6. Problem Challenge 1/1.1Problem Challenge 1 - Grokking the Coding Interview_ Patterns for Codi]
[akshay-iyangar.github.io/system-design/grokking-coding-interviews/5. Pattern Merge Intervals/7. Solution Review Problem Challenge 1/1.1Solution Review_ Problem Challenge 1 -.html]
[akshay-iyangar.github.io/system-design/grokking-coding-interviews/5. Pattern Merge Intervals/8. Problem Challenge 2/1.1Problem Challenge 2 - Grokking the Coding Interview_ Patterns for Codi]
[akshay-iyangar.github.io/system-design/grokking-coding-interviews/5. Pattern Merge Intervals/9. Solution Review Problem Challenge 2/1.1Solution Review_ Problem Challenge 2 -.html]
[akshay-iyangar.github.io/system-design/grokking-coding-interviews/5. Pattern Merge Intervals/10. Problem Challenge 3/1.1Problem Challenge 3 - Grokking the Coding Interview_ Patterns for Cod]
[akshay-iyangar.github.io/system-design/grokking-coding-interviews/5. Pattern Merge Intervals/11. Solution Review Problem Challenge 3/1.1.1Solution Review_ Problem Challenge 3 -.html]
[akshay-iyangar.github.io/system-design/script.html]
[www.educative.io/static/css/92.3705e7dd.chunk.css]
